--------------------------------------------------------------------------------------
Timing Analyzer Summary
--------------------------------------------------------------------------------------

Type           : Worst-case tco
Slack          : N/A
Required Time  : None
Actual Time    : 71.000 ns
From           : v_count[1]
To             : vga_g
From Clock     : clk
To Clock       : --
Failed Paths   : 0

Type           : Clock Setup: 'clk'
Slack          : N/A
Required Time  : None
Actual Time    : 71.43 MHz ( period = 14.000 ns )
From           : v_count[1]
To             : v_count[0]
From Clock     : clk
To Clock       : clk
Failed Paths   : 0

Type           : Clock Setup: 'QD'
Slack          : N/A
Required Time  : None
Actual Time    : 76.92 MHz ( period = 13.000 ns )
From           : mode_count[1]
To             : mode_count[1]
From Clock     : QD
To Clock       : QD
Failed Paths   : 0

Type           : Total number of failed paths
Slack          : 
Required Time  : 
Actual Time    : 
From           : 
To             : 
From Clock     : 
To Clock       : 
Failed Paths   : 0

--------------------------------------------------------------------------------------

